// Jest Snapshot v1, https://goo.gl/fbAQLP

exports[`Renders correctly 1`] = `
<div
  className="calContainer"
>
  <h1>
    Let's Do Some Math!
  </h1>
  <table
    className="calculator"
  >
    <tbody>
      <tr>
        <td
          colSpan={4}
        >
          <input
            className="displayBox"
            disabled={true}
            type="text"
            value="0"
          />
        </td>
      </tr>
      <tr>
        <td>
          <input
            className="button"
            onClick={[Function]}
            type="button"
            value="AC"
          />
        </td>
        <td>
          <input
            className="button"
            onClick={[Function]}
            type="button"
            value="+/-"
          />
           
        </td>
        <td>
          <input
            className="button"
            onClick={[Function]}
            type="button"
            value="%"
          />
        </td>
        <td>
          <input
            className="button secondColor"
            onClick={[Function]}
            type="button"
            value="รท"
          />
        </td>
      </tr>
      <tr>
        <td>
          <input
            className="button"
            onClick={[Function]}
            type="button"
            value={7}
          />
        </td>
        <td>
          <input
            className="button"
            onClick={[Function]}
            type="button"
            value={8}
          />
        </td>
        <td>
          <input
            className="button"
            onClick={[Function]}
            type="button"
            value={9}
          />
        </td>
        <td>
          <input
            className="button secondColor"
            onClick={[Function]}
            type="button"
            value="x"
          />
        </td>
      </tr>
      <tr>
        <td>
          <input
            className="button"
            onClick={[Function]}
            type="button"
            value={4}
          />
        </td>
        <td>
          <input
            className="button"
            onClick={[Function]}
            type="button"
            value={5}
          />
        </td>
        <td>
          <input
            className="button"
            onClick={[Function]}
            type="button"
            value={6}
          />
        </td>
        <td>
          <input
            className="button secondColor"
            onClick={[Function]}
            type="button"
            value="-"
          />
        </td>
      </tr>
      <tr>
        <td>
          <input
            className="button"
            onClick={[Function]}
            type="button"
            value={1}
          />
        </td>
        <td>
          <input
            className="button"
            onClick={[Function]}
            type="button"
            value={2}
          />
        </td>
        <td>
          <input
            className="button"
            onClick={[Function]}
            type="button"
            value={3}
          />
        </td>
        <td>
          <input
            className="button secondColor"
            onClick={[Function]}
            type="button"
            value="+"
          />
        </td>
      </tr>
      <tr>
        <td
          colSpan={2}
        >
          <input
            className="button"
            onClick={[Function]}
            type="button"
            value={0}
          />
        </td>
        <td>
          <input
            className="button"
            onClick={[Function]}
            type="button"
            value="."
          />
        </td>
        <td>
          <input
            className="button secondColor"
            id="equal"
            onClick={[Function]}
            type="button"
            value="="
          />
        </td>
      </tr>
    </tbody>
  </table>
</div>
`;
